// Jest Snapshot v1, https://goo.gl/fbAQLP

exports[`PlusIcon component matches the rendered snapshot 1`] = `
<svg
  height="14px"
  version="1.1"
  viewBox="0 0 14 14"
  width="14px"
  xmlns="http://www.w3.org/2000/svg"
  xmlnsXlink="http://www.w3.org/1999/xlink"
>
  <g
    fill="none"
    fillRule="evenodd"
    id="Page-1"
    stroke="none"
    strokeWidth="1"
  >
    <g
      id="Website-05"
      transform="translate(-1091.000000, -428.000000)"
    >
      <g
        id="Group-3"
        transform="translate(760.000000, 176.000000)"
      >
        <g
          id="add-24px-(1)"
          transform="translate(326.000000, 247.000000)"
        >
          <polygon
            fill="#999999"
            fillRule="nonzero"
            id="Path"
            points="19 13 13 13 13 19 11 19 11 13 5 13 5 11 11 11 11 5 13 5 13 11 19 11"
          />
          <polygon
            id="Path"
            points="0 0 24 0 24 24 0 24"
          />
        </g>
      </g>
    </g>
  </g>
</svg>
`;

exports[`Tasks component matches the rendered snapshot 1`] = `
<LoggedInLayout
  avatar=""
  logout={[MockFunction]}
  mainImageUrl="./images/smiling-man-bust.png"
  openConfirmModal={null}
>
  <h1>
    Thanks, now let's get started!
  </h1>
  <div
    className="description"
  >
    What can we help you with? Add the tasks below that you would like help with.
  </div>
  <input
    className="task-item"
    placeholder="New Task"
  />
  <div
    className="description add-task"
  >
    <span>
      Add another task
    </span>
    <PlusIcon />
  </div>
  <RedButton
    className="finish-button"
    handleOnClick={[Function]}
    isLoading={false}
    text="Finish"
  />
</LoggedInLayout>
`;
